[15820:7184:0508/094607.231:WARNING:chrome_main_delegate.cc(745)] This is Chrome version 128.0.6613.138 (not a warning)
[15820:27104:0508/094607.281:ERROR:google_update_settings.cc(265)] Failed opening key Software\Chromium to set usagestats; result: 5
[15820:7184:0508/094607.298:WARNING:account_consistency_mode_manager.cc(77)] Desktop Identity Consistency cannot be enabled as no OAuth client ID and client secret have been configured.
[24380:3884:0508/094613.771:WARNING:frame_impl.cc(430)] virtual CefFrameImpl::SendProcessMessage sent to detached frame 5-C53E4341C7ED646EFA80E6F9FB1AAFB2 will be ignored
[7008:4232:0508/101606.604:WARNING:dns_config_service_win.cc(605)] Failed to read DnsConfig.
[15820:20456:0508/101606.606:WARNING:dns_config_service_win.cc(605)] Failed to read DnsConfig.
[7008:4232:0508/101606.952:WARNING:dns_config_service_win.cc(605)] Failed to read DnsConfig.
[15820:20456:0508/101606.955:WARNING:dns_config_service_win.cc(605)] Failed to read DnsConfig.
[15820:27256:0508/101606.988:WARNING:dns_config_service_win.cc(605)] Failed to read DnsConfig.
[7008:2604:0508/101607.029:WARNING:dns_config_service_win.cc(605)] Failed to read DnsConfig.
[15820:27256:0508/101607.034:WARNING:dns_config_service_win.cc(605)] Failed to read DnsConfig.
[15820:27256:0508/101607.078:WARNING:dns_config_service_win.cc(605)] Failed to read DnsConfig.
[15820:27256:0508/101607.091:WARNING:dns_config_service_win.cc(605)] Failed to read DnsConfig.
[7008:4232:0508/101607.101:WARNING:dns_config_service_win.cc(605)] Failed to read DnsConfig.
[15820:20456:0508/101607.104:WARNING:dns_config_service_win.cc(605)] Failed to read DnsConfig.
[15820:27256:0508/102215.421:WARNING:dns_config_service_win.cc(605)] Failed to read DnsConfig.
[7008:4232:0508/102215.425:WARNING:dns_config_service_win.cc(605)] Failed to read DnsConfig.
[7008:20368:0508/102216.462:WARNING:dns_config_service_win.cc(605)] Failed to read DnsConfig.
[15820:27256:0508/102216.463:WARNING:dns_config_service_win.cc(605)] Failed to read DnsConfig.
[15820:27256:0508/102719.570:WARNING:dns_config_service_win.cc(605)] Failed to read DnsConfig.
[7008:4232:0508/102719.588:WARNING:dns_config_service_win.cc(605)] Failed to read DnsConfig.
[15820:20456:0508/102719.590:WARNING:dns_config_service_win.cc(605)] Failed to read DnsConfig.
[15820:7184:0508/103418.980:WARNING:pref_notifier_impl.cc(41)] Pref observer for media_router.cast_allow_all_ips found at shutdown.
